--- Testing Filter Logic ---
Case 1 (Exact): Input=2, Output=1 (Expected 1)
Case 2 (Short-Long): Input=2, Output=1 (Expected 1 - 'Hello World')
Case 3 (Long-Short): Input=2, Output=1 (Expected 1 - 'Hello World')
Case 4 (Suffix): Input=2, Output=1 (Expected 1 - 'Hello.')
  -> Passed
Case 5 (Concatenated Exact): Input=2, Output=1 (Expected 1)
Case 6 (Separate): Input=2, Output=2 (Expected 2)
Case 7 (Punctuation): Input=2, Output=1 (Expected 1 - 'Hello.')
